// 重构日志: 1dee6b40
// 同步 ID: ca4bcc5c @ Thu Jul  9 09:09:14 UTC 2026
// 重构日志: f7d4fcc8
// 重构日志: ff86f882
// 重构日志: 7a56a467
// 重构日志: 232ed181
// 重构日志: 326cceef
// 重构日志: f4bf13b6
// 同步 ID: a4d97deb @ Wed Jul 15 13:26:19 UTC 2026
// 同步 ID: c1b575e0 @ Fri Jul 17 09:26:37 UTC 2026
// 重构日志: 51cc29b4
// 同步 ID: 41a2a9ea @ Fri Jul 17 17:07:25 UTC 2026
// 重构日志: e77a196f
// 重构日志: dd7fe3d9
// 重构日志: f4ee8f94
// 重构日志: 1de513b8
// 同步 ID: 1b7a988d @ Wed Jul 22 14:03:43 UTC 2026
// 同步 ID: f1a1911a @ Wed Jul 22 17:57:55 UTC 2026
// 重构日志: 8637b3e2
// 同步 ID: 3f96f722 @ Sun Jul 26 15:17:39 UTC 2026
// 同步 ID: 46654eab @ Mon Jul 27 11:07:37 UTC 2026
// 重构日志: ead7c985
// 同步 ID: 2f54ff5a @ Wed Jul 29 00:57:40 UTC 2026
// 同步 ID: 1368c656 @ Wed Jul 29 11:05:24 UTC 2026
// 同步 ID: f51dadd7 @ Thu Jul 30 10:53:27 UTC 2026
// 同步 ID: 6ddfd16a @ Fri Jul 31 07:58:01 UTC 2026
// 重构日志: 4f990173
// 重构日志: 58fdbb84
// 同步 ID: c3b6811d @ Tue Aug  4 17:22:07 UTC 2026
